// Jest Snapshot v1, https://goo.gl/fbAQLP

exports[`should render content correctly 1`] = `
<RCTSafeAreaView
  style={
    {
      "backgroundColor": "#F3F3F3",
    }
  }
>
  <RCTScrollView
    contentInsetAdjustmentBehavior="automatic"
    style={
      {
        "backgroundColor": "#F3F3F3",
      }
    }
  >
    <View>
      <View
        accessibilityIgnoresInvertColors={true}
        style={
          [
            {
              "paddingBottom": 40,
              "paddingHorizontal": 32,
              "paddingTop": 96,
            },
            {
              "backgroundColor": "#F3F3F3",
            },
          ]
        }
      >
        <Image
          accessibilityRole="image"
          source={
            {
              "testUri": "../Libraries/NewAppScreen/components/logo.png",
            }
          }
          style={
            [
              {
                "bottom": 0,
                "left": 0,
                "position": "absolute",
                "right": 0,
                "top": 0,
              },
              {
                "height": undefined,
                "width": undefined,
              },
              {
                "marginBottom": -192,
                "marginLeft": -128,
                "opacity": 0.2,
                "overflow": "visible",
                "resizeMode": "cover",
              },
            ]
          }
          testID="new-app-screen-header"
        />
        <Text
          style={
            [
              {
                "fontSize": 40,
                "fontWeight": "700",
                "textAlign": "center",
              },
              {
                "color": "#000",
              },
            ]
          }
        >
          Welcome to
          

          React Native
        </Text>
      </View>
      <View
        style={
          {
            "backgroundColor": "#FFF",
          }
        }
      >
        <View
          style={
            {
              "marginTop": 32,
              "paddingHorizontal": 24,
            }
          }
        >
          <Text
            style={
              [
                {
                  "fontSize": 24,
                  "fontWeight": "600",
                },
                {
                  "color": "#000",
                },
              ]
            }
          >
            Step One
          </Text>
          <Text
            style={
              [
                {
                  "fontSize": 18,
                  "fontWeight": "400",
                  "marginTop": 8,
                },
                {
                  "color": "#444",
                },
              ]
            }
          >
            Edit 
            <Text
              style={
                {
                  "fontWeight": "700",
                }
              }
            >
              App.tsx
            </Text>
             to change this screen and then come back to see your edits.
          </Text>
        </View>
        <View
          style={
            {
              "marginTop": 32,
              "paddingHorizontal": 24,
            }
          }
        >
          <Text
            style={
              [
                {
                  "fontSize": 24,
                  "fontWeight": "600",
                },
                {
                  "color": "#000",
                },
              ]
            }
          >
            See Your Changes
          </Text>
          <Text
            style={
              [
                {
                  "fontSize": 18,
                  "fontWeight": "400",
                  "marginTop": 8,
                },
                {
                  "color": "#444",
                },
              ]
            }
          >
            <Text>
              Press 
              <Text
                style={
                  {
                    "fontWeight": "700",
                  }
                }
              >
                Cmd + R
              </Text>
               in the simulator to reload your app's code.
            </Text>
          </Text>
        </View>
        <View
          style={
            {
              "marginTop": 32,
              "paddingHorizontal": 24,
            }
          }
        >
          <Text
            style={
              [
                {
                  "fontSize": 24,
                  "fontWeight": "600",
                },
                {
                  "color": "#000",
                },
              ]
            }
          >
            Debug
          </Text>
          <Text
            style={
              [
                {
                  "fontSize": 18,
                  "fontWeight": "400",
                  "marginTop": 8,
                },
                {
                  "color": "#444",
                },
              ]
            }
          >
            <Text>
              Press 
              <Text
                style={
                  {
                    "fontWeight": "700",
                  }
                }
              >
                Cmd + D
              </Text>
               in the simulator or
               
              <Text
                style={
                  {
                    "fontWeight": "700",
                  }
                }
              >
                Shake
              </Text>
               your device to open the Dev Menu.
            </Text>
          </Text>
        </View>
        <View
          style={
            {
              "marginTop": 32,
              "paddingHorizontal": 24,
            }
          }
        >
          <Text
            style={
              [
                {
                  "fontSize": 24,
                  "fontWeight": "600",
                },
                {
                  "color": "#000",
                },
              ]
            }
          >
            Counter
          </Text>
          <Text
            style={
              [
                {
                  "fontSize": 18,
                  "fontWeight": "400",
                  "marginTop": 8,
                },
                {
                  "color": "#444",
                },
              ]
            }
          >
            <Text
              style={
                {
                  "color": "black",
                  "fontSize": 32,
                  "fontWeight": "bold",
                }
              }
              testID="counterValue"
            >
              0
            </Text>
            <View
              accessibilityState={
                {
                  "busy": undefined,
                  "checked": undefined,
                  "disabled": undefined,
                  "expanded": undefined,
                  "selected": undefined,
                }
              }
              accessibilityValue={
                {
                  "max": undefined,
                  "min": undefined,
                  "now": undefined,
                  "text": undefined,
                }
              }
              accessible={true}
              collapsable={false}
              focusable={true}
              onClick={[Function]}
              onResponderGrant={[Function]}
              onResponderMove={[Function]}
              onResponderRelease={[Function]}
              onResponderTerminate={[Function]}
              onResponderTerminationRequest={[Function]}
              onStartShouldSetResponder={[Function]}
              style={
                {
                  "backgroundColor": "dodgerblue",
                  "borderRadius": 8,
                  "color": "white",
                  "fontSize": 16,
                  "opacity": 1,
                  "padding": 13,
                }
              }
            >
              <Text>
                Increment
              </Text>
            </View>
            <View
              accessibilityState={
                {
                  "busy": undefined,
                  "checked": undefined,
                  "disabled": undefined,
                  "expanded": undefined,
                  "selected": undefined,
                }
              }
              accessibilityValue={
                {
                  "max": undefined,
                  "min": undefined,
                  "now": undefined,
                  "text": undefined,
                }
              }
              accessible={true}
              collapsable={false}
              focusable={true}
              onClick={[Function]}
              onResponderGrant={[Function]}
              onResponderMove={[Function]}
              onResponderRelease={[Function]}
              onResponderTerminate={[Function]}
              onResponderTerminationRequest={[Function]}
              onStartShouldSetResponder={[Function]}
              style={
                {
                  "backgroundColor": "dodgerblue",
                  "borderRadius": 8,
                  "color": "white",
                  "fontSize": 16,
                  "opacity": 1,
                  "padding": 13,
                }
              }
            >
              <Text>
                Decrement
              </Text>
            </View>
            <View
              accessibilityState={
                {
                  "busy": undefined,
                  "checked": undefined,
                  "disabled": undefined,
                  "expanded": undefined,
                  "selected": undefined,
                }
              }
              accessibilityValue={
                {
                  "max": undefined,
                  "min": undefined,
                  "now": undefined,
                  "text": undefined,
                }
              }
              accessible={true}
              collapsable={false}
              focusable={true}
              onClick={[Function]}
              onResponderGrant={[Function]}
              onResponderMove={[Function]}
              onResponderRelease={[Function]}
              onResponderTerminate={[Function]}
              onResponderTerminationRequest={[Function]}
              onStartShouldSetResponder={[Function]}
              style={
                {
                  "backgroundColor": "dodgerblue",
                  "borderRadius": 8,
                  "color": "white",
                  "fontSize": 16,
                  "opacity": 1,
                  "padding": 13,
                }
              }
            >
              <Text>
                Reset
              </Text>
            </View>
          </Text>
        </View>
      </View>
    </View>
  </RCTScrollView>
</RCTSafeAreaView>
`;
